// Jest Snapshot v1, https://goo.gl/fbAQLP

exports[`DashboardPage should render correctly  1`] = `
<div>
  Dashboard Page content
</div>
`;
